Analysis & Synthesis report for IO_PORT
Wed Sep 28 16:35:38 2011
Quartus II Version 9.0 Build 132 02/25/2009 SJ Full Version


---------------------
; Table of Contents ;
---------------------
  1. Legal Notice
  2. Analysis & Synthesis Summary
  3. Analysis & Synthesis Settings
  4. Analysis & Synthesis Source Files Read
  5. Analysis & Synthesis Resource Usage Summary
  6. Analysis & Synthesis Resource Utilization by Entity
  7. General Register Statistics
  8. Parameter Settings for User Entity Instance: lpm_mux0:inst8|lpm_mux:lpm_mux_component
  9. Parameter Settings for User Entity Instance: lpm_bustri0:inst3|lpm_bustri:lpm_bustri_component
 10. Parameter Settings for User Entity Instance: lpm_decode0:inst9|lpm_decode:lpm_decode_component
 11. Parameter Settings for User Entity Instance: lpm_bustri0:inst|lpm_bustri:lpm_bustri_component
 12. Parameter Settings for User Entity Instance: lpm_bustri0:inst2|lpm_bustri:lpm_bustri_component
 13. Parameter Settings for User Entity Instance: lpm_bustri0:inst1|lpm_bustri:lpm_bustri_component
 14. Parameter Settings for User Entity Instance: lpm_bustri0:inst4|lpm_bustri:lpm_bustri_component
 15. Parameter Settings for User Entity Instance: lpm_bustri0:inst5|lpm_bustri:lpm_bustri_component
 16. Parameter Settings for User Entity Instance: lpm_bustri0:inst6|lpm_bustri:lpm_bustri_component
 17. Parameter Settings for User Entity Instance: lpm_bustri0:inst7|lpm_bustri:lpm_bustri_component
 18. Analysis & Synthesis Messages



----------------
; Legal Notice ;
----------------
Copyright (C) 1991-2009 Altera Corporation
Your use of Altera Corporation's design tools, logic functions 
and other software and tools, and its AMPP partner logic 
functions, and any output files from any of the foregoing 
(including device programming or simulation files), and any 
associated documentation or information are expressly subject 
to the terms and conditions of the Altera Program License 
Subscription Agreement, Altera MegaCore Function License 
Agreement, or other applicable license agreement, including, 
without limitation, that your use is for the sole purpose of 
programming logic devices manufactured by Altera and sold by 
Altera or its authorized distributors.  Please refer to the 
applicable agreement for further details.



+-------------------------------------------------------------------------------+
; Analysis & Synthesis Summary                                                  ;
+------------------------------------+------------------------------------------+
; Analysis & Synthesis Status        ; Successful - Wed Sep 28 16:35:37 2011    ;
; Quartus II Version                 ; 9.0 Build 132 02/25/2009 SJ Full Version ;
; Revision Name                      ; IO_PORT                                  ;
; Top-level Entity Name              ; IO_PORT                                  ;
; Family                             ; Cyclone II                               ;
; Total logic elements               ; 70                                       ;
;     Total combinational functions  ; 70                                       ;
;     Dedicated logic registers      ; 0                                        ;
; Total registers                    ; 0                                        ;
; Total pins                         ; 92                                       ;
; Total virtual pins                 ; 0                                        ;
; Total memory bits                  ; 0                                        ;
; Embedded Multiplier 9-bit elements ; 0                                        ;
; Total PLLs                         ; 0                                        ;
+------------------------------------+------------------------------------------+


+----------------------------------------------------------------------------------------------------------+
; Analysis & Synthesis Settings                                                                            ;
+----------------------------------------------------------------+--------------------+--------------------+
; Option                                                         ; Setting            ; Default Value      ;
+----------------------------------------------------------------+--------------------+--------------------+
; Device                                                         ; EP2C5Q208C8        ;                    ;
; Top-level entity name                                          ; IO_PORT            ; IO_PORT            ;
; Family name                                                    ; Cyclone II         ; Stratix II         ;
; Use Generated Physical Constraints File                        ; Off                ;                    ;
; Use smart compilation                                          ; Off                ; Off                ;
; Restructure Multiplexers                                       ; Auto               ; Auto               ;
; Create Debugging Nodes for IP Cores                            ; Off                ; Off                ;
; Preserve fewer node names                                      ; On                 ; On                 ;
; Disable OpenCore Plus hardware evaluation                      ; Off                ; Off                ;
; Verilog Version                                                ; Verilog_2001       ; Verilog_2001       ;
; VHDL Version                                                   ; VHDL93             ; VHDL93             ;
; State Machine Processing                                       ; Auto               ; Auto               ;
; Safe State Machine                                             ; Off                ; Off                ;
; Extract Verilog State Machines                                 ; On                 ; On                 ;
; Extract VHDL State Machines                                    ; On                 ; On                 ;
; Ignore Verilog initial constructs                              ; Off                ; Off                ;
; Iteration limit for constant Verilog loops                     ; 5000               ; 5000               ;
; Iteration limit for non-constant Verilog loops                 ; 250                ; 250                ;
; Add Pass-Through Logic to Inferred RAMs                        ; On                 ; On                 ;
; Parallel Synthesis                                             ; Off                ; Off                ;
; DSP Block Balancing                                            ; Auto               ; Auto               ;
; NOT Gate Push-Back                                             ; On                 ; On                 ;
; Power-Up Don't Care                                            ; On                 ; On                 ;
; Remove Redundant Logic Cells                                   ; Off                ; Off                ;
; Remove Duplicate Registers                                     ; On                 ; On                 ;
; Ignore CARRY Buffers                                           ; Off                ; Off                ;
; Ignore CASCADE Buffers                                         ; Off                ; Off                ;
; Ignore GLOBAL Buffers                                          ; Off                ; Off                ;
; Ignore ROW GLOBAL Buffers                                      ; Off                ; Off                ;
; Ignore LCELL Buffers                                           ; Off                ; Off                ;
; Ignore SOFT Buffers                                            ; On                 ; On                 ;
; Limit AHDL Integers to 32 Bits                                 ; Off                ; Off                ;
; Optimization Technique                                         ; Balanced           ; Balanced           ;
; Carry Chain Length                                             ; 70                 ; 70                 ;
; Auto Carry Chains                                              ; On                 ; On                 ;
; Auto Open-Drain Pins                                           ; On                 ; On                 ;
; Perform WYSIWYG Primitive Resynthesis                          ; Off                ; Off                ;
; Auto ROM Replacement                                           ; On                 ; On                 ;
; Auto RAM Replacement                                           ; On                 ; On                 ;
; Auto Shift Register Replacement                                ; Auto               ; Auto               ;
; Auto Clock Enable Replacement                                  ; On                 ; On                 ;
; Strict RAM Replacement                                         ; Off                ; Off                ;
; Allow Synchronous Control Signals                              ; On                 ; On                 ;
; Force Use of Synchronous Clear Signals                         ; Off                ; Off                ;
; Auto RAM to Logic Cell Conversion                              ; Off                ; Off                ;
; Auto Resource Sharing                                          ; Off                ; Off                ;
; Allow Any RAM Size For Recognition                             ; Off                ; Off                ;
; Allow Any ROM Size For Recognition                             ; Off                ; Off                ;
; Allow Any Shift Register Size For Recognition                  ; Off                ; Off                ;
; Use LogicLock Constraints during Resource Balancing            ; On                 ; On                 ;
; Ignore translate_off and synthesis_off directives              ; Off                ; Off                ;
; Timing-Driven Synthesis                                        ; Off                ; Off                ;
; Show Parameter Settings Tables in Synthesis Report             ; On                 ; On                 ;
; Ignore Maximum Fan-Out Assignments                             ; Off                ; Off                ;
; Synchronization Register Chain Length                          ; 2                  ; 2                  ;
; PowerPlay Power Optimization                                   ; Normal compilation ; Normal compilation ;
; HDL message level                                              ; Level2             ; Level2             ;
; Suppress Register Optimization Related Messages                ; Off                ; Off                ;
; Number of Removed Registers Reported in Synthesis Report       ; 100                ; 100                ;
; Number of Inverted Registers Reported in Synthesis Report      ; 100                ; 100                ;
; Clock MUX Protection                                           ; On                 ; On                 ;
; Auto Gated Clock Conversion                                    ; Off                ; Off                ;
; Block Design Naming                                            ; Auto               ; Auto               ;
; SDC constraint protection                                      ; Off                ; Off                ;
; Synthesis Effort                                               ; Auto               ; Auto               ;
; Allows Asynchronous Clear Usage For Shift Register Replacement ; On                 ; On                 ;
; Analysis & Synthesis Message Level                             ; Medium             ; Medium             ;
+----------------------------------------------------------------+--------------------+--------------------+


+--------------------------------------------------------------------------------------------------------------------------------------------------------------------+
; Analysis & Synthesis Source Files Read                                                                                                                             ;
+----------------------------------+-----------------+------------------------------------+--------------------------------------------------------------------------+
; File Name with User-Entered Path ; Used in Netlist ; File Type                          ; File Name with Absolute Path                                             ;
+----------------------------------+-----------------+------------------------------------+--------------------------------------------------------------------------+
; IO_PORT.bdf                      ; yes             ; User Block Diagram/Schematic File  ; E:/Studies/Junior/EDA/Task 1/IO_PORT/IO_PORT.bdf                         ;
; lpm_mux0.tdf                     ; yes             ; Auto-Found Wizard-Generated File   ; E:/Studies/Junior/EDA/Task 1/IO_PORT/lpm_mux0.tdf                        ;
; lpm_mux.inc                      ; yes             ; Auto-Found AHDL File               ; d:/program files/altera/quartus/libraries/megafunctions/lpm_mux.inc      ;
; lpm_mux.tdf                      ; yes             ; Megafunction                       ; d:/program files/altera/quartus/libraries/megafunctions/lpm_mux.tdf      ;
; aglobal90.inc                    ; yes             ; Megafunction                       ; d:/program files/altera/quartus/libraries/megafunctions/aglobal90.inc    ;
; muxlut.inc                       ; yes             ; Megafunction                       ; d:/program files/altera/quartus/libraries/megafunctions/muxlut.inc       ;
; bypassff.inc                     ; yes             ; Megafunction                       ; d:/program files/altera/quartus/libraries/megafunctions/bypassff.inc     ;
; altshift.inc                     ; yes             ; Megafunction                       ; d:/program files/altera/quartus/libraries/megafunctions/altshift.inc     ;
; db/mux_4nc.tdf                   ; yes             ; Auto-Generated Megafunction        ; E:/Studies/Junior/EDA/Task 1/IO_PORT/db/mux_4nc.tdf                      ;
; lpm_bustri0.tdf                  ; yes             ; Auto-Found Wizard-Generated File   ; E:/Studies/Junior/EDA/Task 1/IO_PORT/lpm_bustri0.tdf                     ;
; lpm_bustri.inc                   ; yes             ; Auto-Found AHDL File               ; d:/program files/altera/quartus/libraries/megafunctions/lpm_bustri.inc   ;
; lpm_bustri.tdf                   ; yes             ; Megafunction                       ; d:/program files/altera/quartus/libraries/megafunctions/lpm_bustri.tdf   ;
; lpm_decode0.tdf                  ; yes             ; Auto-Found Wizard-Generated File   ; E:/Studies/Junior/EDA/Task 1/IO_PORT/lpm_decode0.tdf                     ;
; lpm_decode.inc                   ; yes             ; Auto-Found AHDL File               ; d:/program files/altera/quartus/libraries/megafunctions/lpm_decode.inc   ;
; lpm_decode.tdf                   ; yes             ; Megafunction                       ; d:/program files/altera/quartus/libraries/megafunctions/lpm_decode.tdf   ;
; declut.inc                       ; yes             ; Megafunction                       ; d:/program files/altera/quartus/libraries/megafunctions/declut.inc       ;
; lpm_compare.inc                  ; yes             ; Megafunction                       ; d:/program files/altera/quartus/libraries/megafunctions/lpm_compare.inc  ;
; lpm_constant.inc                 ; yes             ; Megafunction                       ; d:/program files/altera/quartus/libraries/megafunctions/lpm_constant.inc ;
; db/decode_duf.tdf                ; yes             ; Auto-Generated Megafunction        ; E:/Studies/Junior/EDA/Task 1/IO_PORT/db/decode_duf.tdf                   ;
+----------------------------------+-----------------+------------------------------------+--------------------------------------------------------------------------+


+-------------------------------------------------------+
; Analysis & Synthesis Resource Usage Summary           ;
+---------------------------------------------+---------+
; Resource                                    ; Usage   ;
+---------------------------------------------+---------+
; Estimated Total logic elements              ; 70      ;
;                                             ;         ;
; Total combinational functions               ; 70      ;
; Logic element usage by number of LUT inputs ;         ;
;     -- 4 input functions                    ; 62      ;
;     -- 3 input functions                    ; 8       ;
;     -- <=2 input functions                  ; 0       ;
;                                             ;         ;
; Logic elements by mode                      ;         ;
;     -- normal mode                          ; 70      ;
;     -- arithmetic mode                      ; 0       ;
;                                             ;         ;
; Total registers                             ; 0       ;
;     -- Dedicated logic registers            ; 0       ;
;     -- I/O registers                        ; 0       ;
;                                             ;         ;
; I/O pins                                    ; 92      ;
; Maximum fan-out node                        ; addr[1] ;
; Maximum fan-out                             ; 20      ;
; Total fan-out                               ; 410     ;
; Average fan-out                             ; 2.53    ;
+---------------------------------------------+---------+


+-----------------------------------------------------------------------------------------------------------------------------------------------------------------------------------------------------------------------------------------------------------+
; Analysis & Synthesis Resource Utilization by Entity                                                                                                                                                                                                       ;
+-----------------------------------------+-------------------+--------------+-------------+--------------+---------+-----------+------+--------------+--------------------------------------------------------------------------------------+--------------+
; Compilation Hierarchy Node              ; LC Combinationals ; LC Registers ; Memory Bits ; DSP Elements ; DSP 9x9 ; DSP 18x18 ; Pins ; Virtual Pins ; Full Hierarchy Name                                                                  ; Library Name ;
+-----------------------------------------+-------------------+--------------+-------------+--------------+---------+-----------+------+--------------+--------------------------------------------------------------------------------------+--------------+
; |IO_PORT                                ; 70 (5)            ; 0 (0)        ; 0           ; 0            ; 0       ; 0         ; 92   ; 0            ; |IO_PORT                                                                             ; work         ;
;    |lpm_decode0:inst9|                  ; 8 (0)             ; 0 (0)        ; 0           ; 0            ; 0       ; 0         ; 0    ; 0            ; |IO_PORT|lpm_decode0:inst9                                                           ; work         ;
;       |lpm_decode:lpm_decode_component| ; 8 (0)             ; 0 (0)        ; 0           ; 0            ; 0       ; 0         ; 0    ; 0            ; |IO_PORT|lpm_decode0:inst9|lpm_decode:lpm_decode_component                           ; work         ;
;          |decode_duf:auto_generated|    ; 8 (8)             ; 0 (0)        ; 0           ; 0            ; 0       ; 0         ; 0    ; 0            ; |IO_PORT|lpm_decode0:inst9|lpm_decode:lpm_decode_component|decode_duf:auto_generated ; work         ;
;    |lpm_mux0:inst8|                     ; 57 (0)            ; 0 (0)        ; 0           ; 0            ; 0       ; 0         ; 0    ; 0            ; |IO_PORT|lpm_mux0:inst8                                                              ; work         ;
;       |lpm_mux:lpm_mux_component|       ; 57 (0)            ; 0 (0)        ; 0           ; 0            ; 0       ; 0         ; 0    ; 0            ; |IO_PORT|lpm_mux0:inst8|lpm_mux:lpm_mux_component                                    ; work         ;
;          |mux_4nc:auto_generated|       ; 57 (57)           ; 0 (0)        ; 0           ; 0            ; 0       ; 0         ; 0    ; 0            ; |IO_PORT|lpm_mux0:inst8|lpm_mux:lpm_mux_component|mux_4nc:auto_generated             ; work         ;
+-----------------------------------------+-------------------+--------------+-------------+--------------+---------+-----------+------+--------------+--------------------------------------------------------------------------------------+--------------+
Note: For table entries with two numbers listed, the numbers in parentheses indicate the number of resources of the given type used by the specific entity alone. The numbers listed outside of parentheses indicate the total resources of the given type used by the specific entity and all of its sub-entities in the hierarchy.


+------------------------------------------------------+
; General Register Statistics                          ;
+----------------------------------------------+-------+
; Statistic                                    ; Value ;
+----------------------------------------------+-------+
; Total registers                              ; 0     ;
; Number of registers using Synchronous Clear  ; 0     ;
; Number of registers using Synchronous Load   ; 0     ;
; Number of registers using Asynchronous Clear ; 0     ;
; Number of registers using Asynchronous Load  ; 0     ;
; Number of registers using Clock Enable       ; 0     ;
; Number of registers using Preset             ; 0     ;
+----------------------------------------------+-------+


+---------------------------------------------------------------------------------------+
; Parameter Settings for User Entity Instance: lpm_mux0:inst8|lpm_mux:lpm_mux_component ;
+------------------------+------------+-------------------------------------------------+
; Parameter Name         ; Value      ; Type                                            ;
+------------------------+------------+-------------------------------------------------+
; AUTO_CARRY_CHAINS      ; ON         ; AUTO_CARRY                                      ;
; IGNORE_CARRY_BUFFERS   ; OFF        ; IGNORE_CARRY                                    ;
; AUTO_CASCADE_CHAINS    ; ON         ; AUTO_CASCADE                                    ;
; IGNORE_CASCADE_BUFFERS ; OFF        ; IGNORE_CASCADE                                  ;
; LPM_WIDTH              ; 8          ; Untyped                                         ;
; LPM_SIZE               ; 8          ; Untyped                                         ;
; LPM_WIDTHS             ; 3          ; Untyped                                         ;
; LPM_PIPELINE           ; 0          ; Untyped                                         ;
; CBXI_PARAMETER         ; mux_4nc    ; Untyped                                         ;
; DEVICE_FAMILY          ; Cyclone II ; Untyped                                         ;
+------------------------+------------+-------------------------------------------------+
Note: In order to hide this table in the UI and the text report file, please set the "Show Parameter Settings Tables in Synthesis Report" option in "Analysis and Synthesis Settings -> More Settings" to "Off".


+------------------------------------------------------------------------------------------------+
; Parameter Settings for User Entity Instance: lpm_bustri0:inst3|lpm_bustri:lpm_bustri_component ;
+----------------+-------+-----------------------------------------------------------------------+
; Parameter Name ; Value ; Type                                                                  ;
+----------------+-------+-----------------------------------------------------------------------+
; LPM_WIDTH      ; 8     ; Untyped                                                               ;
+----------------+-------+-----------------------------------------------------------------------+
Note: In order to hide this table in the UI and the text report file, please set the "Show Parameter Settings Tables in Synthesis Report" option in "Analysis and Synthesis Settings -> More Settings" to "Off".


+------------------------------------------------------------------------------------------------+
; Parameter Settings for User Entity Instance: lpm_decode0:inst9|lpm_decode:lpm_decode_component ;
+------------------------+------------+----------------------------------------------------------+
; Parameter Name         ; Value      ; Type                                                     ;
+------------------------+------------+----------------------------------------------------------+
; LPM_WIDTH              ; 8          ; Untyped                                                  ;
; LPM_DECODES            ; 256        ; Untyped                                                  ;
; LPM_PIPELINE           ; 0          ; Untyped                                                  ;
; CASCADE_CHAIN          ; MANUAL     ; Untyped                                                  ;
; DEVICE_FAMILY          ; Cyclone II ; Untyped                                                  ;
; CBXI_PARAMETER         ; decode_duf ; Untyped                                                  ;
; AUTO_CARRY_CHAINS      ; ON         ; AUTO_CARRY                                               ;
; IGNORE_CARRY_BUFFERS   ; OFF        ; IGNORE_CARRY                                             ;
; AUTO_CASCADE_CHAINS    ; ON         ; AUTO_CASCADE                                             ;
; IGNORE_CASCADE_BUFFERS ; OFF        ; IGNORE_CASCADE                                           ;
+------------------------+------------+----------------------------------------------------------+
Note: In order to hide this table in the UI and the text report file, please set the "Show Parameter Settings Tables in Synthesis Report" option in "Analysis and Synthesis Settings -> More Settings" to "Off".


+-----------------------------------------------------------------------------------------------+
; Parameter Settings for User Entity Instance: lpm_bustri0:inst|lpm_bustri:lpm_bustri_component ;
+----------------+-------+----------------------------------------------------------------------+
; Parameter Name ; Value ; Type                                                                 ;
+----------------+-------+----------------------------------------------------------------------+
; LPM_WIDTH      ; 8     ; Untyped                                                              ;
+----------------+-------+----------------------------------------------------------------------+
Note: In order to hide this table in the UI and the text report file, please set the "Show Parameter Settings Tables in Synthesis Report" option in "Analysis and Synthesis Settings -> More Settings" to "Off".


+------------------------------------------------------------------------------------------------+
; Parameter Settings for User Entity Instance: lpm_bustri0:inst2|lpm_bustri:lpm_bustri_component ;
+----------------+-------+-----------------------------------------------------------------------+
; Parameter Name ; Value ; Type                                                                  ;
+----------------+-------+-----------------------------------------------------------------------+
; LPM_WIDTH      ; 8     ; Untyped                                                               ;
+----------------+-------+-----------------------------------------------------------------------+
Note: In order to hide this table in the UI and the text report file, please set the "Show Parameter Settings Tables in Synthesis Report" option in "Analysis and Synthesis Settings -> More Settings" to "Off".


+------------------------------------------------------------------------------------------------+
; Parameter Settings for User Entity Instance: lpm_bustri0:inst1|lpm_bustri:lpm_bustri_component ;
+----------------+-------+-----------------------------------------------------------------------+
; Parameter Name ; Value ; Type                                                                  ;
+----------------+-------+-----------------------------------------------------------------------+
; LPM_WIDTH      ; 8     ; Untyped                                                               ;
+----------------+-------+-----------------------------------------------------------------------+
Note: In order to hide this table in the UI and the text report file, please set the "Show Parameter Settings Tables in Synthesis Report" option in "Analysis and Synthesis Settings -> More Settings" to "Off".


+------------------------------------------------------------------------------------------------+
; Parameter Settings for User Entity Instance: lpm_bustri0:inst4|lpm_bustri:lpm_bustri_component ;
+----------------+-------+-----------------------------------------------------------------------+
; Parameter Name ; Value ; Type                                                                  ;
+----------------+-------+-----------------------------------------------------------------------+
; LPM_WIDTH      ; 8     ; Untyped                                                               ;
+----------------+-------+-----------------------------------------------------------------------+
Note: In order to hide this table in the UI and the text report file, please set the "Show Parameter Settings Tables in Synthesis Report" option in "Analysis and Synthesis Settings -> More Settings" to "Off".


+------------------------------------------------------------------------------------------------+
; Parameter Settings for User Entity Instance: lpm_bustri0:inst5|lpm_bustri:lpm_bustri_component ;
+----------------+-------+-----------------------------------------------------------------------+
; Parameter Name ; Value ; Type                                                                  ;
+----------------+-------+-----------------------------------------------------------------------+
; LPM_WIDTH      ; 8     ; Untyped                                                               ;
+----------------+-------+-----------------------------------------------------------------------+
Note: In order to hide this table in the UI and the text report file, please set the "Show Parameter Settings Tables in Synthesis Report" option in "Analysis and Synthesis Settings -> More Settings" to "Off".


+------------------------------------------------------------------------------------------------+
; Parameter Settings for User Entity Instance: lpm_bustri0:inst6|lpm_bustri:lpm_bustri_component ;
+----------------+-------+-----------------------------------------------------------------------+
; Parameter Name ; Value ; Type                                                                  ;
+----------------+-------+-----------------------------------------------------------------------+
; LPM_WIDTH      ; 8     ; Untyped                                                               ;
+----------------+-------+-----------------------------------------------------------------------+
Note: In order to hide this table in the UI and the text report file, please set the "Show Parameter Settings Tables in Synthesis Report" option in "Analysis and Synthesis Settings -> More Settings" to "Off".


+------------------------------------------------------------------------------------------------+
; Parameter Settings for User Entity Instance: lpm_bustri0:inst7|lpm_bustri:lpm_bustri_component ;
+----------------+-------+-----------------------------------------------------------------------+
; Parameter Name ; Value ; Type                                                                  ;
+----------------+-------+-----------------------------------------------------------------------+
; LPM_WIDTH      ; 8     ; Untyped                                                               ;
+----------------+-------+-----------------------------------------------------------------------+
Note: In order to hide this table in the UI and the text report file, please set the "Show Parameter Settings Tables in Synthesis Report" option in "Analysis and Synthesis Settings -> More Settings" to "Off".


+-------------------------------+
; Analysis & Synthesis Messages ;
+-------------------------------+
Info: *******************************************************************
Info: Running Quartus II Analysis & Synthesis
    Info: Version 9.0 Build 132 02/25/2009 SJ Full Version
    Info: Processing started: Wed Sep 28 16:35:27 2011
Info: Command: quartus_map --read_settings_files=on --write_settings_files=off IO_PORT -c IO_PORT
Info: Found 1 design units, including 1 entities, in source file IO_PORT.bdf
    Info: Found entity 1: IO_PORT
Info: Elaborating entity "IO_PORT" for the top level hierarchy
Warning: Using design file lpm_mux0.tdf, which is not specified as a design file for the current project, but contains definitions for 1 design units and 1 entities in project
    Info: Found entity 1: lpm_mux0
Info: Elaborating entity "lpm_mux0" for hierarchy "lpm_mux0:inst8"
Info: Elaborating entity "lpm_mux" for hierarchy "lpm_mux0:inst8|lpm_mux:lpm_mux_component"
Info: Elaborated megafunction instantiation "lpm_mux0:inst8|lpm_mux:lpm_mux_component"
Info: Instantiated megafunction "lpm_mux0:inst8|lpm_mux:lpm_mux_component" with the following parameter:
    Info: Parameter "LPM_TYPE" = "LPM_MUX"
    Info: Parameter "LPM_WIDTH" = "8"
    Info: Parameter "LPM_SIZE" = "8"
    Info: Parameter "LPM_WIDTHS" = "3"
Info: Found 1 design units, including 1 entities, in source file db/mux_4nc.tdf
    Info: Found entity 1: mux_4nc
Info: Elaborating entity "mux_4nc" for hierarchy "lpm_mux0:inst8|lpm_mux:lpm_mux_component|mux_4nc:auto_generated"
Warning: Using design file lpm_bustri0.tdf, which is not specified as a design file for the current project, but contains definitions for 1 design units and 1 entities in project
    Info: Found entity 1: lpm_bustri0
Info: Elaborating entity "lpm_bustri0" for hierarchy "lpm_bustri0:inst3"
Info: Elaborating entity "lpm_bustri" for hierarchy "lpm_bustri0:inst3|lpm_bustri:lpm_bustri_component"
Info: Elaborated megafunction instantiation "lpm_bustri0:inst3|lpm_bustri:lpm_bustri_component"
Info: Instantiated megafunction "lpm_bustri0:inst3|lpm_bustri:lpm_bustri_component" with the following parameter:
    Info: Parameter "LPM_TYPE" = "LPM_BUSTRI"
    Info: Parameter "LPM_WIDTH" = "8"
Warning: Using design file lpm_decode0.tdf, which is not specified as a design file for the current project, but contains definitions for 1 design units and 1 entities in project
    Info: Found entity 1: lpm_decode0
Info: Elaborating entity "lpm_decode0" for hierarchy "lpm_decode0:inst9"
Info: Elaborating entity "lpm_decode" for hierarchy "lpm_decode0:inst9|lpm_decode:lpm_decode_component"
Info: Elaborated megafunction instantiation "lpm_decode0:inst9|lpm_decode:lpm_decode_component"
Info: Instantiated megafunction "lpm_decode0:inst9|lpm_decode:lpm_decode_component" with the following parameter:
    Info: Parameter "LPM_TYPE" = "LPM_DECODE"
    Info: Parameter "LPM_WIDTH" = "8"
    Info: Parameter "LPM_DECODES" = "256"
Info: Found 1 design units, including 1 entities, in source file db/decode_duf.tdf
    Info: Found entity 1: decode_duf
Info: Elaborating entity "decode_duf" for hierarchy "lpm_decode0:inst9|lpm_decode:lpm_decode_component|decode_duf:auto_generated"
Warning: Tri-state node(s) do not directly drive top-level pin(s)
    Warning: Converted the fan-out from the tri-state buffer "lpm_bustri0:inst|lpm_bustri:lpm_bustri_component|din[7]" to the node "lpm_mux0:inst8|lpm_mux:lpm_mux_component|mux_4nc:auto_generated|_" into an OR gate
    Warning: Converted the fan-out from the tri-state buffer "lpm_bustri0:inst2|lpm_bustri:lpm_bustri_component|din[7]" to the node "lpm_mux0:inst8|lpm_mux:lpm_mux_component|mux_4nc:auto_generated|_" into an OR gate
    Warning: Converted the fan-out from the tri-state buffer "lpm_bustri0:inst3|lpm_bustri:lpm_bustri_component|din[7]" to the node "lpm_mux0:inst8|lpm_mux:lpm_mux_component|mux_4nc:auto_generated|_" into an OR gate
    Warning: Converted the fan-out from the tri-state buffer "lpm_bustri0:inst1|lpm_bustri:lpm_bustri_component|din[7]" to the node "lpm_mux0:inst8|lpm_mux:lpm_mux_component|mux_4nc:auto_generated|_" into an OR gate
    Warning: Converted the fan-out from the tri-state buffer "lpm_bustri0:inst6|lpm_bustri:lpm_bustri_component|din[7]" to the node "lpm_mux0:inst8|lpm_mux:lpm_mux_component|mux_4nc:auto_generated|_" into an OR gate
    Warning: Converted the fan-out from the tri-state buffer "lpm_bustri0:inst5|lpm_bustri:lpm_bustri_component|din[7]" to the node "lpm_mux0:inst8|lpm_mux:lpm_mux_component|mux_4nc:auto_generated|_" into an OR gate
    Warning: Converted the fan-out from the tri-state buffer "lpm_bustri0:inst4|lpm_bustri:lpm_bustri_component|din[7]" to the node "lpm_mux0:inst8|lpm_mux:lpm_mux_component|mux_4nc:auto_generated|_" into an OR gate
    Warning: Converted the fan-out from the tri-state buffer "lpm_bustri0:inst7|lpm_bustri:lpm_bustri_component|din[7]" to the node "lpm_mux0:inst8|lpm_mux:lpm_mux_component|mux_4nc:auto_generated|_" into an OR gate
    Warning: Converted the fan-out from the tri-state buffer "lpm_bustri0:inst|lpm_bustri:lpm_bustri_component|din[6]" to the node "lpm_mux0:inst8|lpm_mux:lpm_mux_component|mux_4nc:auto_generated|_" into an OR gate
    Warning: Converted the fan-out from the tri-state buffer "lpm_bustri0:inst2|lpm_bustri:lpm_bustri_component|din[6]" to the node "lpm_mux0:inst8|lpm_mux:lpm_mux_component|mux_4nc:auto_generated|_" into an OR gate
    Warning: Converted the fan-out from the tri-state buffer "lpm_bustri0:inst3|lpm_bustri:lpm_bustri_component|din[6]" to the node "lpm_mux0:inst8|lpm_mux:lpm_mux_component|mux_4nc:auto_generated|_" into an OR gate
    Warning: Converted the fan-out from the tri-state buffer "lpm_bustri0:inst1|lpm_bustri:lpm_bustri_component|din[6]" to the node "lpm_mux0:inst8|lpm_mux:lpm_mux_component|mux_4nc:auto_generated|_" into an OR gate
    Warning: Converted the fan-out from the tri-state buffer "lpm_bustri0:inst6|lpm_bustri:lpm_bustri_component|din[6]" to the node "lpm_mux0:inst8|lpm_mux:lpm_mux_component|mux_4nc:auto_generated|_" into an OR gate
    Warning: Converted the fan-out from the tri-state buffer "lpm_bustri0:inst5|lpm_bustri:lpm_bustri_component|din[6]" to the node "lpm_mux0:inst8|lpm_mux:lpm_mux_component|mux_4nc:auto_generated|_" into an OR gate
    Warning: Converted the fan-out from the tri-state buffer "lpm_bustri0:inst4|lpm_bustri:lpm_bustri_component|din[6]" to the node "lpm_mux0:inst8|lpm_mux:lpm_mux_component|mux_4nc:auto_generated|_" into an OR gate
    Warning: Converted the fan-out from the tri-state buffer "lpm_bustri0:inst7|lpm_bustri:lpm_bustri_component|din[6]" to the node "lpm_mux0:inst8|lpm_mux:lpm_mux_component|mux_4nc:auto_generated|_" into an OR gate
    Warning: Converted the fan-out from the tri-state buffer "lpm_bustri0:inst|lpm_bustri:lpm_bustri_component|din[5]" to the node "lpm_mux0:inst8|lpm_mux:lpm_mux_component|mux_4nc:auto_generated|_" into an OR gate
    Warning: Converted the fan-out from the tri-state buffer "lpm_bustri0:inst2|lpm_bustri:lpm_bustri_component|din[5]" to the node "lpm_mux0:inst8|lpm_mux:lpm_mux_component|mux_4nc:auto_generated|_" into an OR gate
    Warning: Converted the fan-out from the tri-state buffer "lpm_bustri0:inst3|lpm_bustri:lpm_bustri_component|din[5]" to the node "lpm_mux0:inst8|lpm_mux:lpm_mux_component|mux_4nc:auto_generated|_" into an OR gate
    Warning: Converted the fan-out from the tri-state buffer "lpm_bustri0:inst1|lpm_bustri:lpm_bustri_component|din[5]" to the node "lpm_mux0:inst8|lpm_mux:lpm_mux_component|mux_4nc:auto_generated|_" into an OR gate
    Warning: Converted the fan-out from the tri-state buffer "lpm_bustri0:inst6|lpm_bustri:lpm_bustri_component|din[5]" to the node "lpm_mux0:inst8|lpm_mux:lpm_mux_component|mux_4nc:auto_generated|_" into an OR gate
    Warning: Converted the fan-out from the tri-state buffer "lpm_bustri0:inst5|lpm_bustri:lpm_bustri_component|din[5]" to the node "lpm_mux0:inst8|lpm_mux:lpm_mux_component|mux_4nc:auto_generated|_" into an OR gate
    Warning: Converted the fan-out from the tri-state buffer "lpm_bustri0:inst4|lpm_bustri:lpm_bustri_component|din[5]" to the node "lpm_mux0:inst8|lpm_mux:lpm_mux_component|mux_4nc:auto_generated|_" into an OR gate
    Warning: Converted the fan-out from the tri-state buffer "lpm_bustri0:inst7|lpm_bustri:lpm_bustri_component|din[5]" to the node "lpm_mux0:inst8|lpm_mux:lpm_mux_component|mux_4nc:auto_generated|_" into an OR gate
    Warning: Converted the fan-out from the tri-state buffer "lpm_bustri0:inst|lpm_bustri:lpm_bustri_component|din[4]" to the node "lpm_mux0:inst8|lpm_mux:lpm_mux_component|mux_4nc:auto_generated|_" into an OR gate
    Warning: Converted the fan-out from the tri-state buffer "lpm_bustri0:inst2|lpm_bustri:lpm_bustri_component|din[4]" to the node "lpm_mux0:inst8|lpm_mux:lpm_mux_component|mux_4nc:auto_generated|_" into an OR gate
    Warning: Converted the fan-out from the tri-state buffer "lpm_bustri0:inst3|lpm_bustri:lpm_bustri_component|din[4]" to the node "lpm_mux0:inst8|lpm_mux:lpm_mux_component|mux_4nc:auto_generated|_" into an OR gate
    Warning: Converted the fan-out from the tri-state buffer "lpm_bustri0:inst1|lpm_bustri:lpm_bustri_component|din[4]" to the node "lpm_mux0:inst8|lpm_mux:lpm_mux_component|mux_4nc:auto_generated|_" into an OR gate
    Warning: Converted the fan-out from the tri-state buffer "lpm_bustri0:inst6|lpm_bustri:lpm_bustri_component|din[4]" to the node "lpm_mux0:inst8|lpm_mux:lpm_mux_component|mux_4nc:auto_generated|_" into an OR gate
    Warning: Converted the fan-out from the tri-state buffer "lpm_bustri0:inst5|lpm_bustri:lpm_bustri_component|din[4]" to the node "lpm_mux0:inst8|lpm_mux:lpm_mux_component|mux_4nc:auto_generated|_" into an OR gate
    Warning: Converted the fan-out from the tri-state buffer "lpm_bustri0:inst4|lpm_bustri:lpm_bustri_component|din[4]" to the node "lpm_mux0:inst8|lpm_mux:lpm_mux_component|mux_4nc:auto_generated|_" into an OR gate
    Warning: Converted the fan-out from the tri-state buffer "lpm_bustri0:inst7|lpm_bustri:lpm_bustri_component|din[4]" to the node "lpm_mux0:inst8|lpm_mux:lpm_mux_component|mux_4nc:auto_generated|_" into an OR gate
    Warning: Converted the fan-out from the tri-state buffer "lpm_bustri0:inst|lpm_bustri:lpm_bustri_component|din[3]" to the node "lpm_mux0:inst8|lpm_mux:lpm_mux_component|mux_4nc:auto_generated|_" into an OR gate
    Warning: Converted the fan-out from the tri-state buffer "lpm_bustri0:inst2|lpm_bustri:lpm_bustri_component|din[3]" to the node "lpm_mux0:inst8|lpm_mux:lpm_mux_component|mux_4nc:auto_generated|_" into an OR gate
    Warning: Converted the fan-out from the tri-state buffer "lpm_bustri0:inst3|lpm_bustri:lpm_bustri_component|din[3]" to the node "lpm_mux0:inst8|lpm_mux:lpm_mux_component|mux_4nc:auto_generated|_" into an OR gate
    Warning: Converted the fan-out from the tri-state buffer "lpm_bustri0:inst1|lpm_bustri:lpm_bustri_component|din[3]" to the node "lpm_mux0:inst8|lpm_mux:lpm_mux_component|mux_4nc:auto_generated|_" into an OR gate
    Warning: Converted the fan-out from the tri-state buffer "lpm_bustri0:inst6|lpm_bustri:lpm_bustri_component|din[3]" to the node "lpm_mux0:inst8|lpm_mux:lpm_mux_component|mux_4nc:auto_generated|_" into an OR gate
    Warning: Converted the fan-out from the tri-state buffer "lpm_bustri0:inst5|lpm_bustri:lpm_bustri_component|din[3]" to the node "lpm_mux0:inst8|lpm_mux:lpm_mux_component|mux_4nc:auto_generated|_" into an OR gate
    Warning: Converted the fan-out from the tri-state buffer "lpm_bustri0:inst4|lpm_bustri:lpm_bustri_component|din[3]" to the node "lpm_mux0:inst8|lpm_mux:lpm_mux_component|mux_4nc:auto_generated|_" into an OR gate
    Warning: Converted the fan-out from the tri-state buffer "lpm_bustri0:inst7|lpm_bustri:lpm_bustri_component|din[3]" to the node "lpm_mux0:inst8|lpm_mux:lpm_mux_component|mux_4nc:auto_generated|_" into an OR gate
    Warning: Converted the fan-out from the tri-state buffer "lpm_bustri0:inst|lpm_bustri:lpm_bustri_component|din[2]" to the node "lpm_mux0:inst8|lpm_mux:lpm_mux_component|mux_4nc:auto_generated|_" into an OR gate
    Warning: Converted the fan-out from the tri-state buffer "lpm_bustri0:inst2|lpm_bustri:lpm_bustri_component|din[2]" to the node "lpm_mux0:inst8|lpm_mux:lpm_mux_component|mux_4nc:auto_generated|_" into an OR gate
    Warning: Converted the fan-out from the tri-state buffer "lpm_bustri0:inst3|lpm_bustri:lpm_bustri_component|din[2]" to the node "lpm_mux0:inst8|lpm_mux:lpm_mux_component|mux_4nc:auto_generated|_" into an OR gate
    Warning: Converted the fan-out from the tri-state buffer "lpm_bustri0:inst1|lpm_bustri:lpm_bustri_component|din[2]" to the node "lpm_mux0:inst8|lpm_mux:lpm_mux_component|mux_4nc:auto_generated|_" into an OR gate
    Warning: Converted the fan-out from the tri-state buffer "lpm_bustri0:inst6|lpm_bustri:lpm_bustri_component|din[2]" to the node "lpm_mux0:inst8|lpm_mux:lpm_mux_component|mux_4nc:auto_generated|_" into an OR gate
    Warning: Converted the fan-out from the tri-state buffer "lpm_bustri0:inst5|lpm_bustri:lpm_bustri_component|din[2]" to the node "lpm_mux0:inst8|lpm_mux:lpm_mux_component|mux_4nc:auto_generated|_" into an OR gate
    Warning: Converted the fan-out from the tri-state buffer "lpm_bustri0:inst4|lpm_bustri:lpm_bustri_component|din[2]" to the node "lpm_mux0:inst8|lpm_mux:lpm_mux_component|mux_4nc:auto_generated|_" into an OR gate
    Warning: Converted the fan-out from the tri-state buffer "lpm_bustri0:inst7|lpm_bustri:lpm_bustri_component|din[2]" to the node "lpm_mux0:inst8|lpm_mux:lpm_mux_component|mux_4nc:auto_generated|_" into an OR gate
    Warning: Converted the fan-out from the tri-state buffer "lpm_bustri0:inst|lpm_bustri:lpm_bustri_component|din[1]" to the node "lpm_mux0:inst8|lpm_mux:lpm_mux_component|mux_4nc:auto_generated|_" into an OR gate
    Warning: Converted the fan-out from the tri-state buffer "lpm_bustri0:inst2|lpm_bustri:lpm_bustri_component|din[1]" to the node "lpm_mux0:inst8|lpm_mux:lpm_mux_component|mux_4nc:auto_generated|_" into an OR gate
    Warning: Converted the fan-out from the tri-state buffer "lpm_bustri0:inst3|lpm_bustri:lpm_bustri_component|din[1]" to the node "lpm_mux0:inst8|lpm_mux:lpm_mux_component|mux_4nc:auto_generated|_" into an OR gate
    Warning: Converted the fan-out from the tri-state buffer "lpm_bustri0:inst1|lpm_bustri:lpm_bustri_component|din[1]" to the node "lpm_mux0:inst8|lpm_mux:lpm_mux_component|mux_4nc:auto_generated|_" into an OR gate
    Warning: Converted the fan-out from the tri-state buffer "lpm_bustri0:inst6|lpm_bustri:lpm_bustri_component|din[1]" to the node "lpm_mux0:inst8|lpm_mux:lpm_mux_component|mux_4nc:auto_generated|_" into an OR gate
    Warning: Converted the fan-out from the tri-state buffer "lpm_bustri0:inst5|lpm_bustri:lpm_bustri_component|din[1]" to the node "lpm_mux0:inst8|lpm_mux:lpm_mux_component|mux_4nc:auto_generated|_" into an OR gate
    Warning: Converted the fan-out from the tri-state buffer "lpm_bustri0:inst4|lpm_bustri:lpm_bustri_component|din[1]" to the node "lpm_mux0:inst8|lpm_mux:lpm_mux_component|mux_4nc:auto_generated|_" into an OR gate
    Warning: Converted the fan-out from the tri-state buffer "lpm_bustri0:inst7|lpm_bustri:lpm_bustri_component|din[1]" to the node "lpm_mux0:inst8|lpm_mux:lpm_mux_component|mux_4nc:auto_generated|_" into an OR gate
    Warning: Converted the fan-out from the tri-state buffer "lpm_bustri0:inst|lpm_bustri:lpm_bustri_component|din[0]" to the node "lpm_mux0:inst8|lpm_mux:lpm_mux_component|mux_4nc:auto_generated|_" into an OR gate
    Warning: Converted the fan-out from the tri-state buffer "lpm_bustri0:inst2|lpm_bustri:lpm_bustri_component|din[0]" to the node "lpm_mux0:inst8|lpm_mux:lpm_mux_component|mux_4nc:auto_generated|_" into an OR gate
    Warning: Converted the fan-out from the tri-state buffer "lpm_bustri0:inst3|lpm_bustri:lpm_bustri_component|din[0]" to the node "lpm_mux0:inst8|lpm_mux:lpm_mux_component|mux_4nc:auto_generated|_" into an OR gate
    Warning: Converted the fan-out from the tri-state buffer "lpm_bustri0:inst1|lpm_bustri:lpm_bustri_component|din[0]" to the node "lpm_mux0:inst8|lpm_mux:lpm_mux_component|mux_4nc:auto_generated|_" into an OR gate
    Warning: Converted the fan-out from the tri-state buffer "lpm_bustri0:inst6|lpm_bustri:lpm_bustri_component|din[0]" to the node "lpm_mux0:inst8|lpm_mux:lpm_mux_component|mux_4nc:auto_generated|_" into an OR gate
    Warning: Converted the fan-out from the tri-state buffer "lpm_bustri0:inst5|lpm_bustri:lpm_bustri_component|din[0]" to the node "lpm_mux0:inst8|lpm_mux:lpm_mux_component|mux_4nc:auto_generated|_" into an OR gate
    Warning: Converted the fan-out from the tri-state buffer "lpm_bustri0:inst4|lpm_bustri:lpm_bustri_component|din[0]" to the node "lpm_mux0:inst8|lpm_mux:lpm_mux_component|mux_4nc:auto_generated|_" into an OR gate
    Warning: Converted the fan-out from the tri-state buffer "lpm_bustri0:inst7|lpm_bustri:lpm_bustri_component|din[0]" to the node "lpm_mux0:inst8|lpm_mux:lpm_mux_component|mux_4nc:auto_generated|_" into an OR gate
Info: Implemented 162 device resources after synthesis - the final resource count might be different
    Info: Implemented 18 input pins
    Info: Implemented 10 output pins
    Info: Implemented 64 bidirectional pins
    Info: Implemented 70 logic cells
Info: Quartus II Analysis & Synthesis was successful. 0 errors, 68 warnings
    Info: Peak virtual memory: 207 megabytes
    Info: Processing ended: Wed Sep 28 16:35:38 2011
    Info: Elapsed time: 00:00:11
    Info: Total CPU time (on all processors): 00:00:07


